// Jest Snapshot v1, https://goo.gl/fbAQLP

exports[`renders correctly  for desktop 1`] = `null`;

exports[`renders correctly  for mobile 1`] = `null`;
